reset
create cylinder radius 2.5 height 5.0
volume 1 move z 2.5
create cylinder radius 2.48 height 4.98
volume 2 move z 2.48
subtract volume 2 from volume 1
create cylinder radius 2.48 height 4
volume 3 move z 2.0
merge all
webcut volume 1  with sheet extended from surface 10
webcut volume 1  with sheet extended from surface 12
merge all

create sphere radius 3.625 inner radius 3.605 znegative
create sphere radius 3.605 znegative
webcut volume 6 with general plane zplane offset -2.625
webcut volume 7 with general plane zplane offset -2.625
delete volume 6 7
volume 8 move z 2.625
volume 9 move z 2.625

create cylinder height 8.3 radius 1.5
webcut volume 8 with sheet extended from surface 37
webcut volume 9 with sheet extended from surface 37
webcut volume 3 with sheet extended from surface 37
delete volume 10
webcut volume 8 with plane xplane
webcut volume 9 with plane xplane
webcut volume 3 with plane xplane
merge all

webcut volume 1  with sheet extended from surface 8
merge all
webcut volume 5 with plane xplane
webcut volume 17 with plane xplane
webcut volume 1 with plane xplane
webcut volume 4 with plane xplane
merge all
merge surface 67 with surface 109 force
merge surface 62 with surface 100 force
merge surface 72 with surface 82 force
merge surface 91 with surface 79 force
merge all
webcut volume 11 with plane xplane
webcut volume 12 with plane xplane
webcut volume 13 with plane xplane
merge all

create cylinder height 0.15 radius 2.48
volume 25 move z 5.05675
webcut volume 25 with plane xplane
merge surface 174 with surface 141 force
merge surface 172 with surface 135 force

create cylinder height 0.15 radius 3.75
webcut volume 27 with plane xplane
volume 27 move z 3.0
volume 28 move z 3.0
webcut volume 28  with sheet extended from surface 89
webcut volume 27  with sheet extended from surface 84
volume 27 move z 2.05675
volume 28 move z 2.05675
merge surface 175 with surface 188 force
merge surface 171 with surface 197 force
merge surface 200 with surface 191 force
merge surface 199 with surface 190 force
merge all

delete volume 29 30

volume 11 size auto factor 10
mesh volume 11
volume 22 size auto factor 10
mesh volume 22
mesh volume 14
mesh volume 8
volume 18 int 6
mesh volume 18
volume 5 int 6
mesh volume 5
mesh volume 19
mesh volume 17
mesh volume 20
mesh volume 1
mesh volume 21
mesh volume 4
mesh volume 15
mesh volume 9
mesh volume 12
mesh volume 23
mesh volume 3
mesh volume 16
mesh volume 13
mesh volume 24
volume 25 int 3
mesh volume 25
volume 26 int 3
mesh volume 26
volume 27 int 3
mesh volume 27
volume 28 int 3
mesh volume 28

block 1 add volume 21 4 17 19 18 5 8 14 11 22 1 20
block 2 add volume 9 15 12 23 16 3 24 13
block 3 add volume 25 26 27 28

sideset 5 add surface 88 85 165 159
sideset 5 name "Fluid_top"

sideset 6 add surface 170 176 192 198
sideset 6 name "Top"

refine volume 3 1 25 17 18 20 28 16 9 15 4 8 12 22 24 21 19 26 23 13 14 27 5 11 numsplit 1 bias 1 depth 1 smooth
