reset
create cylinder radius 2.5 height 6.0
volume 1 move z 3.0
create cylinder radius 2.45 height 5.9
volume 2 move z 3.0
subtract volume 2 from volume 1
create cylinder radius 2.45 height 5.0
volume 4 move z 2.55
merge all
webcut volume 3  with sheet extended from surface 10
webcut volume 3  with sheet extended from surface 12
webcut volume 7  with sheet extended from surface 8
merge all
merge surface 10 with surface 30 force
merge surface 18 with surface 27 force
webcut volume 3  with sheet extended from surface 9
merge all
merge surface 33 with surface 15 force

surface 14 size auto factor 7
mesh surface 14

mesh surface 16

volume 3 int 1
mesh volume 3

volume 9 int 5
mesh volume 9

volume 8 int 20
mesh volume 8

volume 7 int 1
mesh volume 7

mesh volume 5
mesh volume 6
mesh volume 4


block 1 add volume 3 5 6 7 8 9
block 2 add volume 4

sideset 1 add surface 14 16
sideset 1 name "Top"

sideset 2 add surface 13 17
sideset 2 name "Bottom"

sideset 4 add surface 12
sideset 4 name "Fluid_top"
