reset
create cylinder radius 0.8 height 2.01
volume 1 move z 1.005
create cylinder radius 0.79 height 2.0
volume 2 move z 1.005
subtract volume 2 from volume 1
create cylinder radius 0.79 height 1.8
volume 4 move z 0.905
merge all
webcut volume 3  with sheet extended from surface 10
webcut volume 3  with sheet extended from surface 12
webcut volume 7  with sheet extended from surface 8
merge all
merge surface 10 with surface 30 force
merge surface 18 with surface 27 force
webcut volume 3  with sheet extended from surface 9
merge all
merge surface 33 with surface 15 force

surface 14 size auto factor 8
mesh surface 14
mesh volume 3
mesh volume 5
volume 9 int 2
mesh volume 9
volume 8 int 15
mesh volume 8
mesh volume 7
mesh volume 6
mesh volume 4

block 1 add volume 3 5 6 7 8 9
block 1 name "Tank"
block 2 add volume 4
block 2 name "Fluid"

sideset 1 add surface 14 16
sideset 1 name "Top"

sideset 2 add surface 13 17
sideset 2 name "Bottom"

sideset 4 add surface 12
sideset 4 name "Fluid_top"

sideset 5 add surface 10
sideset 5 name "Fluid_Side"
